// Jest Snapshot v1, https://goo.gl/fbAQLP

exports[`Clear renders correctly 1`] = `<[object Object] />`;
