// Jest Snapshot v1, https://goo.gl/fbAQLP

exports[`Comma renders correctly 1`] = `
<CharacterButton
  characterToDisplay="."
  color="primary"
/>
`;
