// Jest Snapshot v1, https://goo.gl/fbAQLP

exports[`Screen renders correctly 1`] = `<[object Object] />`;
