// Jest Snapshot v1, https://goo.gl/fbAQLP

exports[`CharacterButton renders correctly 1`] = `<[object Object] />`;
